// Jest Snapshot v1, https://goo.gl/fbAQLP

exports[`heat-map to match snapshot 1`] = `
<div class="outer-container" style="width: 377px; height: 233px;">
    <div class="backdrop"></div>
    <div class="card-container">
        <div class="inner-container" style="width: 377px; height: 233px;">
            <div class="container-header">
                <div class="icon-box">
                    <i class="fa fa-window-maximize"></i>
                </div>
                <!---->
            </div>
            <div class="render-area">
                <div id="test-heat-map" class="krt-dc-component dc-chart" style="display: flex; position: relative; width: 100%; height: 100%;">
                    <!---->
                    <div class="reset-button">
                        <a class="reset" style="display: none;">
                            <i class="fa fa-ban">&nbsp;</i> <span>フィルター解除</span></a>
                    </div>
                    <!---->
                    <svg width="200" height="200">
                        <g class="heatmap" transform="translate(40,20)">
                            <g class="box-group">
                                <rect class="heat-box" fill="white"></rect>
                            </g>
                            <g class="box-group">
                                <rect class="heat-box" fill="white"></rect>
                            </g>
                            <g class="box-group">
                                <rect class="heat-box" fill="white"></rect>
                            </g>
                            <g class="box-group">
                                <rect class="heat-box" fill="white"></rect>
                            </g>
                            <g class="cols axis">
                                <text x="30" style="text-anchor: middle;" y="150" dy="12"></text>
                                <text x="90" style="text-anchor: middle;" y="150" dy="12"></text>
                            </g>
                            <g class="rows axis">
                                <text dy="6" style="text-anchor: end;" x="0" dx="-2"></text>
                                <text dy="6" style="text-anchor: end;" x="0" dx="-2"></text>
                            </g>
                        </g>
                        <g class="dc-legend" transform="translate(0,0)"></g>
                    </svg>
                </div>
            </div>
        </div>
    </div>
</div>
`;
