// Jest Snapshot v1, https://goo.gl/fbAQLP

exports[`multi-dimension-pie to match snapshot 1`] = `
<div class="outer-container" style="width: 377px; height: 233px;">
    <div class="backdrop"></div>
    <div class="card-container">
        <div class="inner-container" style="width: 377px; height: 233px;">
            <div class="container-header">
                <div class="icon-box">
                    <i class="fa fa-window-maximize"></i>
                </div>
                <!---->
            </div>
            <div class="render-area">
                <div id="test-multi-dimension-pie" class="krt-dc-component dc-chart" style="display: flex; position: relative; width: 100%; height: 100%;">
                    <!---->
                    <div class="reset-button">
                        <a class="reset" style="display: none;">
                            <i class="fa fa-ban">&nbsp;</i> <span>フィルター解除</span></a>
                    </div>
                    <!---->
                    <svg width="200" height="200">
                        <g transform="translate(100,100)" class="">
                            <g class="pie-slice-group">
                                <g class="pie-slice _0">
                                    <path fill="#2aab9f" d="M6.123233995736766e-15,-100A100,100 0 0,1 28.173255684142962,95.94929736144975L0,0Z"></path>
                                </g>
                                <g class="pie-slice _1">
                                    <path fill="#2ebbae" d="M28.173255684142962,95.94929736144975A100,100 0 0,1 -98.98214418809327,14.231483827328518L0,0Z"></path>
                                </g>
                                <g class="pie-slice _2">
                                    <path fill="#32cabc" d="M-98.98214418809327,14.231483827328518A100,100 0 0,1 -54.06408174555975,-84.12535328311813L0,0Z"></path>
                                </g>
                                <g class="pie-slice _3">
                                    <path fill="#50d4c8" d="M-54.06408174555975,-84.12535328311813A100,100 0 0,1 -1.8369701987210297e-14,-100L0,0Z"></path>
                                </g>
                            </g>
                            <g class="pie-label-group">
                                <text class="pie-slice pie-label _0">b,true</text>
                                <text class="pie-slice pie-label _1">b,false</text>
                                <text class="pie-slice pie-label _2">a,false</text>
                                <text class="pie-slice pie-label _3">a,true</text>
                            </g>
                        </g>
                    </svg>
                </div>
            </div>
        </div>
    </div>
</div>
`;
