// Jest Snapshot v1, https://goo.gl/fbAQLP

exports[`ordinal-bar renders the correct bar 1`] = `
<div class="outer-container" style="width: 377px; height: 233px;">
    <div class="backdrop"></div>
    <div class="card-container">
        <div class="inner-container" style="width: 377px; height: 233px;">
            <div class="container-header">
                <div class="icon-box">
                    <i class="fa fa-window-maximize"></i>
                </div>
                <!---->
            </div>
            <div class="render-area">
                <div id="test-ordinal-bar" class="krt-dc-component dc-chart" style="display: flex; position: relative; width: 100%; height: 100%;">
                    <!---->
                    <div class="reset-button">
                        <a class="reset" style="display: none;">
                            <i class="fa fa-ban">&nbsp;</i> <span>フィルター解除</span></a>
                    </div>
                    <!---->
                    <svg width="200" height="200">
                        <g>
                            <g class="grid-line horizontal" transform="translate(40,20)"></g>
                            <g class="chart-body" transform="translate(40, 20)" clip-path="url(about:blank#test-ordinal-bar-clip)">
                                <g class="stack _0">
                                    <rect class="bar" fill="#1f77b4" y="150" height="0"></rect>
                                    <rect class="bar" fill="#1f77b4" y="150" height="0"></rect>
                                    <text class="barLabel" text-anchor="middle" cursor="pointer"></text>
                                    <text class="barLabel" text-anchor="middle" cursor="pointer"></text>
                                </g>
                            </g>
                            <g class="axis x" transform="translate(40,170)">
                                <g class="tick" style="opacity: 0.000001;" transform="translate(39.310344827586206,0)">
                                    <line y2="6"></line>
                                    <text dy=".71em" style="text-anchor: middle;" y="9">a</text>
                                </g>
                                <g class="tick" style="opacity: 0.000001;" transform="translate(80.6896551724138,0)">
                                    <line y2="6"></line>
                                    <text dy=".71em" style="text-anchor: middle;" y="9">b</text>
                                </g>
                                <path class="domain"></path>
                            </g>
                            <g class="axis y" transform="translate(40,20)">
                                <path class="domain"></path>
                            </g>
                        </g>
                        <defs>
                            <clippath id="test-ordinal-bar-clip">
                                <rect width="120" height="150" transform="translate(-0, -0)"></rect>
                            </clippath>
                        </defs>
                    </svg>
                </div>
            </div>
        </div>
    </div>
</div>
`;
