// Jest Snapshot v1, https://goo.gl/fbAQLP

exports[`series to match snapshot 1`] = `
<div class="outer-container" style="width: 377px; height: 233px;">
    <div class="backdrop"></div>
    <div class="card-container">
        <div class="inner-container" style="width: 377px; height: 233px;">
            <div class="container-header">
                <div class="icon-box">
                    <i class="fa fa-window-maximize"></i>
                </div>
                <!---->
            </div>
            <div class="render-area">
                <div id="test-series" class="krt-dc-component dc-chart" style="display: flex; position: relative; width: 100%; height: 100%;">
                    <!---->
                    <div class="reset-button">
                        <a class="reset" style="display: none;">
                            <i class="fa fa-ban">&nbsp;</i> <span>フィルター解除</span></a>
                    </div>
                    <!---->
                    <svg width="200" height="200">
                        <g>
                            <g class="grid-line horizontal" transform="translate(40,20)"></g>
                            <g class="grid-line vertical" transform="translate(40,20)"></g>
                            <g class="chart-body" transform="translate(40, 20)" clip-path="url(about:blank#test-series-clip)"></g>
                            <g class="sub _0">
                                <g class="chart-body" transform="translate(40, 20)" clip-path="url(about:blank#test-series-clip)">
                                    <g class="stack-list">
                                        <g class="stack _0">
                                            <path class="line" stroke="#1f77b4"></path>
                                        </g>
                                    </g>
                                    <g class="dc-tooltip-list">
                                        <g class="dc-tooltip _0">
                                            <path class="yRef" style="display: none;" stroke-dasharray="5,5"></path>
                                            <path class="xRef" style="display: none;" stroke-dasharray="5,5"></path>
                                        </g>
                                    </g>
                                </g>
                            </g>
                            <g class="sub _1">
                                <g class="chart-body" transform="translate(40, 20)" clip-path="url(about:blank#test-series-clip)">
                                    <g class="stack-list">
                                        <g class="stack _0">
                                            <path class="line" stroke="#ff7f0e"></path>
                                        </g>
                                    </g>
                                    <g class="dc-tooltip-list">
                                        <g class="dc-tooltip _0">
                                            <path class="yRef" style="display: none;" stroke-dasharray="5,5"></path>
                                            <path class="xRef" style="display: none;" stroke-dasharray="5,5"></path>
                                        </g>
                                    </g>
                                </g>
                            </g>
                            <g class="axis x" transform="translate(40,170)">
                                <path class="domain"></path>
                            </g>
                            <g class="axis y" transform="translate(40,20)">
                                <path class="domain"></path>
                            </g>
                        </g>
                        <defs>
                            <clippath id="test-series-clip">
                                <rect width="120" height="150" transform="translate(-0, -0)"></rect>
                            </clippath>
                        </defs>
                    </svg>
                </div>
            </div>
        </div>
    </div>
</div>
`;
