// Jest Snapshot v1, https://goo.gl/fbAQLP

exports[`week-row to match snapshot 1`] = `
<div class="outer-container" style="width: 377px; height: 233px;">
    <div class="backdrop"></div>
    <div class="card-container">
        <div class="inner-container" style="width: 377px; height: 233px;">
            <div class="container-header">
                <div class="icon-box">
                    <i class="fa fa-window-maximize"></i>
                </div>
                <!---->
            </div>
            <div class="render-area">
                <div id="test-week-row" class="krt-dc-component dc-chart" style="display: flex; position: relative; width: 100%; height: 100%;">
                    <!---->
                    <div class="reset-button">
                        <a class="reset" style="display: none;">
                            <i class="fa fa-ban">&nbsp;</i> <span>フィルター解除</span></a>
                    </div>
                    <!---->
                    <svg width="200" height="200">
                        <g transform="translate(40,20)">
                            <g class="axis" transform="translate(0, 150)">
                                <path class="domain"></path>
                            </g>
                            <g class="row _0" transform="translate(0,5)">
                                <rect width="0" height="31.25" fill="#bd3122" class=""></rect>
                                <text x="10" y="15.625" dy="0.35em" class="row _0">Sun</text>
                            </g>
                            <g class="row _1" transform="translate(0,41.25)">
                                <rect width="0" height="31.25" fill="#2AAB9F" class=""></rect>
                                <text x="10" y="15.625" dy="0.35em" class="row _1">Thu</text>
                            </g>
                            <g class="row _2" transform="translate(0,77.5)">
                                <rect width="0" height="31.25" fill="#54BCB2" class=""></rect>
                                <text x="10" y="15.625" dy="0.35em" class="row _2">Fri</text>
                            </g>
                            <g class="row _3" transform="translate(0,113.75)">
                                <rect width="0" height="31.25" fill="#70C7BF" class=""></rect>
                                <text x="10" y="15.625" dy="0.35em" class="row _3">Sat</text>
                            </g>
                        </g>
                    </svg>
                </div>
            </div>
        </div>
    </div>
</div>
`;
